13:12:58 **** Incremental Build of configuration Debug for project MiniProjekat1 ****
make -j8 all 
arm-none-eabi-gcc "../Core/Src/main.c" -mcpu=cortex-m3 -std=gnu11 -g3 -DDEBUG -DUSE_HAL_DRIVER -DSTM32F103x6 -c -I../Core/Inc -I../Drivers/STM32F1xx_HAL_Driver/Inc/Legacy -I../Drivers/STM32F1xx_HAL_Driver/Inc -I../Drivers/CMSIS/Device/ST/STM32F1xx/Include -I../Drivers/CMSIS/Include -O0 -ffunction-sections -fdata-sections -Wall -fstack-usage -fcyclomatic-complexity -MMD -MP -MF"Core/Src/main.d" -MT"Core/Src/main.o" --specs=nano.specs -mfloat-abi=soft -mthumb -o "Core/Src/main.o"
arm-none-eabi-gcc -o "MiniProjekat1.elf" @"objects.list"   -mcpu=cortex-m3 -T"C:\Users\steva\Documents\MIPS\MiniProjekat1\MiniProjekat1\STM32F103C6TX_FLASH.ld" --specs=nosys.specs -Wl,-Map="MiniProjekat1.map" -Wl,--gc-sections -static --specs=nano.specs -mfloat-abi=soft -mthumb -Wl,--start-group -lc -lm -Wl,--end-group
Finished building target: MiniProjekat1.elf
 
arm-none-eabi-size   MiniProjekat1.elf 
arm-none-eabi-objdump -h -S  MiniProjekat1.elf  > "MiniProjekat1.list"
arm-none-eabi-objcopy  -O ihex  MiniProjekat1.elf  "MiniProjekat1.hex"
   text	   data	    bss	    dec	    hex	filename
   4580	     20	   1572	   6172	   181c	MiniProjekat1.elf
Finished building: default.size.stdout
 
Finished building: MiniProjekat1.hex
 
Finished building: MiniProjekat1.list
 

13:12:59 Build Finished. 0 errors, 0 warnings. (took 774ms)

